
6957 6956 echo 31 
6956 6955 echo 30 
6955 6954 echo 29 
6954 6953 echo 28 
6953 6952 echo 27 
6952 6951 echo 26 
6951 6950 echo 25 
6950 6949 echo 24 
6949 6948 echo 23 
6948 6947 echo 22 
6947 6946 echo 21 
6946 6945 echo 20 
6945 6944 echo 19 
6944 6943 echo 18 
6943 6942 echo 17 
6942 6941 echo 16 
6941 6940 echo 15 
6940 6939 echo 14 
6939 6938 echo 13 
6938 6937 echo 12 
6937 6936 echo 11 
6936 6935 echo 10 
6935 6934 echo 9 
6934 6933 echo 8 
6933 6932 echo 7 
6932 6931 echo 6 
6931 6930 echo 5 
6930 6929 echo 4 
6929 6928 echo 3 
6928 6927 echo 2 
6927 6926 echo 1 
6926 6925 echo 0 